---
source: nipdf/src/object/stream/tests.rs
expression: "&decode_stream(\"color-space/cal-rgb.pdf\", 6u32,\n                |d, resolver|\n                    {\n                        let params = d.get(&b\"DecodeParms\"[..]).unwrap().as_dict()?;\n                        assert_eq!(15,\n                        resolver.resolve_container_value(params, \"Predictor\")\n                        ?.as_int() ?);\n                        Ok(())\n                    }).unwrap()[..255]"
---
[
    255,
    0,
    0,
    255,
    0,
    0,
    255,
    0,
    0,
    255,
    0,
    0,
    255,
    0,
    0,
    255,
    0,
    0,
    255,
    0,
    0,
    255,
    0,
    0,
    255,
    0,
    0,
    255,
    0,
    0,
    255,
    0,
    0,
    255,
    0,
    0,
    255,
    0,
    0,
    255,
    0,
    0,
    255,
    0,
    0,
    255,
    0,
    0,
    255,
    0,
    0,
    255,
    0,
    0,
    255,
    0,
    0,
    255,
    0,
    0,
    255,
    0,
    0,
    255,
    0,
    0,
    255,
    0,
    0,
    255,
    0,
    0,
    255,
    0,
    0,
    255,
    0,
    0,
    255,
    0,
    0,
    255,
    0,
    0,
    255,
    0,
    0,
    255,
    0,
    0,
    255,
    0,
    0,
    255,
    0,
    0,
    255,
    0,
    0,
    255,
    0,
    0,
    255,
    0,
    0,
    255,
    0,
    0,
    255,
    0,
    0,
    255,
    0,
    0,
    255,
    0,
    0,
    255,
    0,
    0,
    255,
    0,
    0,
    255,
    0,
    0,
    255,
    0,
    0,
    255,
    0,
    0,
    255,
    0,
    0,
    255,
    0,
    0,
    255,
    0,
    0,
    255,
    0,
    0,
    255,
    0,
    0,
    255,
    0,
    0,
    255,
    0,
    0,
    255,
    0,
    0,
    255,
    0,
    0,
    255,
    0,
    0,
    255,
    0,
    0,
    255,
    0,
    0,
    255,
    0,
    0,
    255,
    0,
    0,
    255,
    0,
    0,
    255,
    0,
    0,
    255,
    0,
    0,
    255,
    0,
    0,
    255,
    0,
    0,
    255,
    0,
    0,
    255,
    0,
    0,
    255,
    0,
    0,
    255,
    0,
    0,
    255,
    0,
    0,
    255,
    0,
    0,
    255,
    0,
    0,
    255,
    0,
    0,
    255,
    0,
    0,
    255,
    0,
    0,
    255,
    0,
    0,
    255,
    0,
    0,
    255,
    0,
    0,
    255,
    0,
    0,
    255,
    0,
    0,
    255,
    0,
    0,
    255,
    0,
    0,
    255,
    0,
    0,
    255,
    0,
    0,
    255,
    0,
    0,
    255,
    0,
    0,
    255,
    0,
    0,
]
