---
source: nipdf/src/parser/object/tests.rs
expression: parse_dict(buf.as_ref()).unwrap()
---
(
    [],
    Dictionary(
        {
            Name(
                [
                    105,
                    100,
                ],
            ): Dictionary(
                Dictionary(
                    {},
                ),
            ),
        },
    ),
)
