---
source: nipdf/src/parser/object/tests.rs
expression: parse_dict(buf.as_ref()).unwrap()
---
(
    [],
    Dictionary(
        {
            Name(
                Left(
                    303,
                ),
            ): Name(
                Name(
                    Left(
                        53,
                    ),
                ),
            ),
        },
    ),
)
